// Jest Snapshot v1, https://goo.gl/fbAQLP

exports[`renders correctly 1`] = `
<footer>
  Author: Eliezer Veras Vargas, 2019 Â©
</footer>
`;
