// Jest Snapshot v1, https://goo.gl/fbAQLP

exports[`renders correctly 1`] = `
<div
  className="Input"
>
  <label
    className="Label"
  />
  <input
    className="InputElement Invalid"
    onChange={[Function]}
    value="Eating"
  />
</div>
`;
